// Jest Snapshot v1, https://goo.gl/fbAQLP

exports[`Snapshot Testing renders an home component into the App as snapshot 1`] = `
<div
  style={
    Object {
      "--mdc-theme-on-primary": "#78909C",
      "--mdc-theme-on-secondary": "rgba(255, 255, 255, 1)",
      "--mdc-theme-primary": "#37474F",
      "--mdc-theme-secondary": "#E91E63",
      "--mdc-theme-text-primary-on-background": "#000000",
    }
  }
>
  <div
    className="home"
  >
    <div
      className="Header"
    >
      <div
        className="AppBar"
      >
        <header
          className="mdc-top-app-bar"
          style={Object {}}
        >
          <div
            className="mdc-top-app-bar__row"
          >
            <section
              className="mdc-top-app-bar__section"
            >
              <i
                className="rmwc-icon material-icons mdc-top-app-bar__navigation-icon"
                data-mdc-ripple-is-unbounded={true}
                onBlur={[Function]}
                onFocus={[Function]}
                onKeyDown={[Function]}
                onKeyUp={[Function]}
                onMouseDown={[Function]}
                onMouseUp={[Function]}
                onTouchEnd={[Function]}
                onTouchStart={[Function]}
                style={Object {}}
              >
                menu
              </i>
              <div
                className="mdc-top-app-bar__title"
              >
                Video Fragments Tube
              </div>
            </section>
            <section
              className="mdc-top-app-bar__section mdc-top-app-bar__section--align-end"
            >
              <i
                className="rmwc-icon material-icons mdc-top-app-bar__navigation-icon"
                data-mdc-ripple-is-unbounded={true}
                onBlur={[Function]}
                onFocus={[Function]}
                onKeyDown={[Function]}
                onKeyUp={[Function]}
                onMouseDown={[Function]}
                onMouseUp={[Function]}
                onTouchEnd={[Function]}
                onTouchStart={[Function]}
                style={Object {}}
              >
                favorite
              </i>
            </section>
          </div>
        </header>
      </div>
    </div>
    <div
      className="content"
    >
      <div
        className="menu"
      >
        <div>
          <aside
            className="mdc-drawer"
          >
            <div
              className="mdc-drawer__header"
            >
              <div
                className="mdc-drawer__title"
              >
                Anonymous User!!
              </div>
              <div
                className="mdc-drawer__subtitle"
              >
                Welcome!!
              </div>
            </div>
            <div
              className="mdc-drawer__content"
            >
              <div
                className="mdc-list"
                onBlur={[Function]}
                onClick={[Function]}
                onFocus={[Function]}
                onKeyDown={[Function]}
              >
                <div
                  className="mdc-list-item"
                  onBlur={[Function]}
                  onFocus={[Function]}
                  onKeyDown={[Function]}
                  onKeyUp={[Function]}
                  onMouseDown={[Function]}
                  onMouseUp={[Function]}
                  onTouchEnd={[Function]}
                  onTouchStart={[Function]}
                  style={Object {}}
                  tabIndex={0}
                >
                  <div
                    className="item"
                  >
                    <i
                      className="rmwc-icon material-icons"
                      style={
                        Object {
                          "color": "#F06292",
                          "paddingRight": 10,
                        }
                      }
                    >
                      favorite
                    </i>
                    <h4>
                      Favorites
                    </h4>
                  </div>
                </div>
                <div
                  className="mdc-list-item"
                  onBlur={[Function]}
                  onFocus={[Function]}
                  onKeyDown={[Function]}
                  onKeyUp={[Function]}
                  onMouseDown={[Function]}
                  onMouseUp={[Function]}
                  onTouchEnd={[Function]}
                  onTouchStart={[Function]}
                  style={Object {}}
                  tabIndex={0}
                >
                  <div
                    className="item"
                  >
                    <i
                      className="rmwc-icon material-icons"
                      style={
                        Object {
                          "color": "#F06292",
                          "paddingRight": 10,
                        }
                      }
                    >
                      search
                    </i>
                    <h4>
                      Search
                    </h4>
                  </div>
                </div>
                <div
                  className="mdc-list-item"
                  onBlur={[Function]}
                  onFocus={[Function]}
                  onKeyDown={[Function]}
                  onKeyUp={[Function]}
                  onMouseDown={[Function]}
                  onMouseUp={[Function]}
                  onTouchEnd={[Function]}
                  onTouchStart={[Function]}
                  style={Object {}}
                  tabIndex={0}
                >
                  <div
                    className="item"
                  >
                    <i
                      className="rmwc-icon material-icons"
                      style={
                        Object {
                          "color": "#F06292",
                          "paddingRight": 10,
                        }
                      }
                    >
                      lock
                    </i>
                    <h4>
                      Account
                    </h4>
                  </div>
                </div>
              </div>
            </div>
          </aside>
          <div>
            <div
              className="mdc-card"
            >
              <section
                className="mdc-card__media"
                style={
                  Object {
                    "backgroundColor": "#E91E63",
                  }
                }
              >
                <div>
                  <p
                    className="shortcut"
                  >
                    <span
                      className="titleVideo mdc-typography--button"
                    >
                      Next: ctrl+shift+d
                    </span>
                  </p>
                  <div
                    className="shortcut"
                  >
                    <span
                      className="titleVideo mdc-typography--button"
                    >
                      Previous: ctrl+shift+a
                    </span>
                  </div>
                </div>
              </section>
            </div>
          </div>
        </div>
      </div>
      <div
        className="content"
      >
        <div
          style={
            Object {
              "display": "flex",
              "flex": 1,
              "flexDirection": "column",
            }
          }
        >
          <div
            className="videoPlayer"
          >
            <span
              className="mdc-typography--headline2"
              style={
                Object {
                  "paddingBottom": "100px",
                }
              }
            >
              You are watching: Full Video
            </span>
            <video
              controls={true}
              src="/videos/video.mp4#t=0,52"
            >
              <track
                default={true}
                kind="captions"
              />
            </video>
          </div>
        </div>
      </div>
      <div
        className="panel border-panel"
      >
        <clipList />
      </div>
    </div>
  </div>
</div>
`;
