// Jest Snapshot v1, https://goo.gl/fbAQLP

exports[`renders an card component into the ShortcutCard as snapshot 1`] = `
<div>
  <div
    className="mdc-card"
  >
    <section
      className="mdc-card__media"
      style={
        Object {
          "backgroundColor": "#E91E63",
        }
      }
    >
      <div>
        <p
          className="shortcut"
        >
          <span
            className="titleVideo mdc-typography--button"
          >
            Next: ctrl+shift+d
          </span>
        </p>
        <div
          className="shortcut"
        >
          <span
            className="titleVideo mdc-typography--button"
          >
            Previous: ctrl+shift+a
          </span>
        </div>
      </div>
    </section>
  </div>
</div>
`;
