// Jest Snapshot v1, https://goo.gl/fbAQLP

exports[`renders an marker component into the App as snapshot 1`] = `
<div
  className="Marker"
>
  <span
    className="side-container"
  >
    <span
      className="side-arrow"
    />
    <span
      className="side-marker"
    >
      
    </span>
  </span>
</div>
`;
