// Jest Snapshot v1, https://goo.gl/fbAQLP

exports[`renders an clip component into the Clip as snapshot 1`] = `
<div
  className="clip"
>
  <div
    className="mdc-card"
    style={
      Object {
        "width": "15rem",
      }
    }
  >
    <div
      className="mdc-card__primary-action"
      onBlur={[Function]}
      onClick={[Function]}
      onFocus={[Function]}
      onKeyDown={[Function]}
      onKeyUp={[Function]}
      onMouseDown={[Function]}
      onMouseUp={[Function]}
      onTouchEnd={[Function]}
      onTouchStart={[Function]}
      style={Object {}}
    >
      <section
        className="mdc-card__media"
        style={
          Object {
            "backgroundImage": "url(/images/asche.jpg)",
          }
        }
      >
        <div>
          <p
            className="name ellipsis"
          >
            cualquier cosa
          </p>
          <div
            className="start ellipsis"
          >
            Start: 1:20
          </div>
          <div
            className="end ellipsis"
          >
            End: 1:30
          </div>
        </div>
      </section>
    </div>
  </div>
</div>
`;
